Status Code: 200
Full Response:
<!DOCTYPE html><html lang="en"><head><meta charSet="utf-8"/><meta name="viewport" content="width=device-width, initial-scale=1"/><link rel="stylesheet" href="/_next/static/css/app/layout.css?v=1763550447092" data-precedence="next_static/css/app/layout.css"/><link rel="preload" href="/_next/static/chunks/webpack.js?v=1763550447092" as="script" fetchPriority="low"/><script src="/_next/static/chunks/main-app.js?v=1763550447092" async=""></script><link rel="icon" href="/favicon.ico"/><title>CityWitty - Premium Discount Card Platform</title><meta name="description" content="Get exclusive offers from partnered merchants across various categories and cities with CityWitty discount card."/><meta name="keywords" content="discount card, offers, merchants, city deals, exclusive discounts"/><meta name="robots" content="noindex, nofollow"/><link rel="icon" href="/favicon.ico"/><script src="/_next/static/chunks/polyfills.js" noModule=""></script></head><body class="__className_f367f3"><div class="flex items-center justify-center min-h-screen"><div class="h-10 w-10 animate-spin rounded-full border-4 border-blue-500 border-t-transparent"></div></div><script src="/_next/static/chunks/webpack.js?v=1763550447092" async=""></script><script>(self.__next_f=self.__next_f||[]).push([0])</script><script>self.__next_f.push([1,"1:HL[\"/_next/static/css/app/layout.css?v=1763550447092\",\"style\"]\n0:\"$L2\"\n"])</script><script>self.__next_f.push([1,"3:I{\"id\":\"(app-pages-browser)/./node_modules/next/dist/client/components/app-router.js\",\"chunks\":[\"app-pages-internals:static/chunks/app-pages-internals.js\"],\"name\":\"\",\"async\":false}\n5:I{\"id\":\"(app-pages-browser)/./node_modules/next/dist/client/components/error-boundary.js\",\"chunks\":[\"app-pages-internals:static/chunks/app-pages-internals.js\"],\"name\":\"\",\"async\":false}\n6:I{\"id\":\"(app-pages-browser)/./node_modules/next/dist/client/script.js\",\"chunks\":[\"app/layout:static/chunks/app/layout.js\"],\"name\":\"\",\"async\""])</script><script>self.__next_f.push([1,":false}\n7:I{\"id\":\"(app-pages-browser)/./app/providers.tsx\",\"chunks\":[\"app/layout:static/chunks/app/layout.js\"],\"name\":\"Providers\",\"async\":false}\n8:I{\"id\":\"(app-pages-browser)/./node_modules/next/dist/client/components/layout-router.js\",\"chunks\":[\"app-pages-internals:static/chunks/app-pages-internals.js\"],\"name\":\"\",\"async\":false}\n9:I{\"id\":\"(app-pages-browser)/./app/error.tsx\",\"chunks\":[\"app/error:static/chunks/app/error.js\"],\"name\":\"\",\"async\":false}\na:I{\"id\":\"(app-pages-browser)/./node_modules/next/dist/clie"])</script><script>self.__next_f.push([1,"nt/components/render-from-template-context.js\",\"chunks\":[\"app-pages-internals:static/chunks/app-pages-internals.js\"],\"name\":\"\",\"async\":false}\nb:I{\"id\":\"(app-pages-browser)/./node_modules/next/dist/client/link.js\",\"chunks\":[\"app/[username]/not-found:static/chunks/app/[username]/not-found.js\"],\"name\":\"\",\"async\":false}\nc:I{\"id\":\"(app-pages-browser)/./components/layout/header.tsx\",\"chunks\":[\"app/[username]/not-found:static/chunks/app/[username]/not-found.js\"],\"name\":\"Header\",\"async\":false}\nd:I{\"id\":\"(app-pages-"])</script><script>self.__next_f.push([1,"browser)/./components/layout/footer.tsx\",\"chunks\":[\"app/[username]/not-found:static/chunks/app/[username]/not-found.js\"],\"name\":\"Footer\",\"async\":false}\n10:I{\"id\":\"(app-pages-browser)/./components/support-widget.tsx\",\"chunks\":[\"app/layout:static/chunks/app/layout.js\"],\"name\":\"SupportWidget\",\"async\":false}\n11:I{\"id\":\"(app-pages-browser)/./node_modules/react-hot-toast/dist/index.mjs\",\"chunks\":[\"app/layout:static/chunks/app/layout.js\"],\"name\":\"Toaster\",\"async\":false}\n"])</script><script>self.__next_f.push([1,"2:[[[\"$\",\"link\",\"0\",{\"rel\":\"stylesheet\",\"href\":\"/_next/static/css/app/layout.css?v=1763550447092\",\"precedence\":\"next_static/css/app/layout.css\"}]],[\"$\",\"$L3\",null,{\"buildId\":\"development\",\"assetPrefix\":\"\",\"initialCanonicalUrl\":\"/shriyam_05\",\"initialTree\":[\"\",{\"children\":[[\"username\",\"shriyam_05\",\"d\"],{\"children\":[\"__PAGE__\",{}]}]},\"$undefined\",\"$undefined\",true],\"initialHead\":[false,\"$L4\"],\"globalErrorComponent\":\"$5\",\"children\":[null,[\"$\",\"html\",null,{\"lang\":\"en\",\"children\":[[\"$\",\"head\",null,{\"children\":[[\"$\",\"link\",null,{\"rel\":\"icon\",\"href\":\"/favicon.ico\"}],[\"$\",\"$L6\",null,{\"id\":\"structured-data\",\"type\":\"application/ld+json\",\"strategy\":\"afterInteractive\",\"children\":\"{\\\"@context\\\":\\\"https://schema.org\\\",\\\"@type\\\":\\\"Organization\\\",\\\"name\\\":\\\"CityWitty\\\",\\\"url\\\":\\\"https://citywitty.com\\\",\\\"logo\\\":\\\"https://citywitty.com/logo.png\\\",\\\"sameAs\\\":[\\\"https://www.facebook.com/share/19b3cPzrDU/?mibextid=wwXIfr\\\",\\\"https://twitter.com/citywitty\\\",\\\"https://www.instagram.com/citywitty.in?igsh=YXBub3Nwam5hcjR0\\\",\\\"https://www.linkedin.com/company/citywitty\\\",\\\"https://youtube.com/@citywitty3546\\\",\\\"https://wa.me/916389202030\\\"],\\\"contactPoint\\\":[{\\\"@type\\\":\\\"ContactPoint\\\",\\\"telephone\\\":\\\"+91-6389202030\\\",\\\"contactType\\\":\\\"customer support\\\",\\\"email\\\":\\\"contact@citywitty.com\\\",\\\"areaServed\\\":\\\"IN\\\",\\\"availableLanguage\\\":[\\\"English\\\",\\\"Hindi\\\"]}],\\\"address\\\":{\\\"@type\\\":\\\"PostalAddress\\\",\\\"streetAddress\\\":\\\"Unit 316 \u0026 317, P-3, 3rd Floor, Paramount Golf Foreste\\\",\\\"addressLocality\\\":\\\"Greater Noida\\\",\\\"postalCode\\\":\\\"201311\\\",\\\"addressCountry\\\":\\\"IN\\\"}}\"}]]}],[\"$\",\"body\",null,{\"className\":\"__className_f367f3\",\"children\":[\"$\",\"$L7\",null,{\"children\":[[\"$\",\"$L8\",null,{\"parallelRouterKey\":\"children\",\"segmentPath\":[\"children\"],\"loading\":\"$undefined\",\"loadingStyles\":\"$undefined\",\"hasLoading\":false,\"error\":\"$9\",\"errorStyles\":[],\"template\":[\"$\",\"$La\",null,{}],\"templateStyles\":\"$undefined\",\"notFound\":[\"$\",\"div\",null,{\"className\":\"min-h-screen flex items-center justify-center bg-gray-50\",\"children\":[\"$\",\"div\",null,{\"className\":\"text-center\",\"children\":[[\"$\",\"h1\",null,{\"className\":\"text-6xl font-bold text-gray-900 mb-4\",\"children\":\"404\"}],[\"$\",\"h2\",null,{\"className\":\"text-2xl font-semibold text-gray-700 mb-4\",\"children\":\"Page Not Found\"}],[\"$\",\"p\",null,{\"className\":\"text-gray-600 mb-8\",\"children\":\"The page you're looking for doesn't exist.\"}],[\"$\",\"$Lb\",null,{\"href\":\"/\",\"className\":\"inline-block bg-blue-600 text-white px-6 py-3 rounded-lg hover:bg-blue-700 transition-colors\",\"children\":\"Go Home\"}]]}]}],\"notFoundStyles\":[],\"childProp\":{\"current\":[null,[\"$\",\"$L8\",null,{\"parallelRouterKey\":\"children\",\"segmentPath\":[\"children\",[\"username\",\"shriyam_05\",\"d\"],\"children\"],\"loading\":\"$undefined\",\"loadingStyles\":\"$undefined\",\"hasLoading\":false,\"error\":\"$undefined\",\"errorStyles\":\"$undefined\",\"template\":[\"$\",\"$La\",null,{}],\"templateStyles\":\"$undefined\",\"notFound\":[[\"$\",\"$Lc\",null,{}],[\"$\",\"main\",null,{\"className\":\"min-h-screen bg-gradient-to-b from-slate-50 to-white flex items-center justify-center\",\"children\":[\"$\",\"div\",null,{\"className\":\"container mx-auto px-4 text-center py-20\",\"children\":[[\"$\",\"h1\",null,{\"className\":\"text-4xl font-bold text-slate-900 mb-4\",\"children\":\"Merchant Not Found\"}],[\"$\",\"p\",null,{\"className\":\"text-lg text-slate-600 mb-8\",\"children\":\"The merchant profile you're looking for doesn't exist or is no longer available.\"}],[\"$\",\"$Lb\",null,{\"href\":\"/merchants\",\"className\":\"inline-block bg-blue-600 hover:bg-blue-700 text-white font-medium py-2 px-6 rounded-lg transition\",\"children\":\"Browse All Merchants\"}]]}]}],[\"$\",\"$Ld\",null,{}]],\"notFoundStyles\":[],\"childProp\":{\"current\":[\"$Le\",\"$Lf\",null],\"segment\":\"__PAGE__\"},\"styles\":[]}],null],\"segment\":[\"username\",\"shriyam_05\",\"d\"]},\"styles\":[]}],[\"$\",\"$L10\",null,{}],[\"$\",\"$L11\",null,{\"position\":\"top-right\",\"reverseOrder\":false}]]}]}]]}],null]}]]\n"])</script><script>self.__next_f.push([1,"4:[[\"$\",\"meta\",\"0\",{\"charSet\":\"utf-8\"}],[\"$\",\"title\",\"1\",{\"children\":\"CityWitty - Premium Discount Card Platform\"}],[\"$\",\"meta\",\"2\",{\"name\":\"description\",\"content\":\"Get exclusive offers from partnered merchants across various categories and cities with CityWitty discount card.\"}],[\"$\",\"meta\",\"3\",{\"name\":\"keywords\",\"content\":\"discount card, offers, merchants, city deals, exclusive discounts\"}],[\"$\",\"meta\",\"4\",{\"name\":\"viewport\",\"content\":\"width=device-width, initial-scale=1\"}],[\"$\",\"meta\",\"5\",{\"name\":\"robots\",\"content\":\"noindex, nofollow\"}],[\"$\",\"link\",\"6\",{\"rel\":\"icon\",\"href\":\"/favicon.ico\"}]]\n"])</script><script>self.__next_f.push([1,"e:null\n"])</script><script>self.__next_f.push([1,"f:\"$L12\"\n12:E{\"digest\":\"NEXT_NOT_FOUND\",\"message\":\"NEXT_NOT_FOUND\",\"stack\":\"Error: NEXT_NOT_FOUND\\n    at notFound (webpack-internal:///(rsc)/./node_modules/next/dist/client/components/not-found.js:23:19)\\n    at UsernamePage (webpack-internal:///(rsc)/./app/[username]/page.tsx:47:66)\\n    at process.processTicksAndRejections (node:internal/process/task_queues:95:5)\"}\n"])</script></body></html>
